[2m7:02:01 PM[22m [31m[1m[vite][22m[39m [31m[2m(client)[22m[39m Pre-transform error: Failed to load url /src/state/settingsDefaults.ts (resolved id: D:/DRAW VIDEO/src/state/settingsDefaults.ts) in D:/DRAW VIDEO/src/state/projectStore.ts. Does the file exist?
[2m7:02:02 PM[22m [31m[1m[vite][22m[39m [31m[2m(client)[22m[39m [2m[console.error] [22m[vite] Failed to reload /src/App.tsx. This could be due to syntax errors or importing non-existent modules. (see errors above)
[2m7:06:20 PM[22m [31m[1m[vite][22m[39m [31m[2m(client)[22m[39m [2m[console.error] [22m[vite] Failed to reload /src/App.tsx. This could be due to syntax errors or importing non-existent modules. (see errors above)
[2m7:13:35 PM[22m [31m[1m[vite][22m[39m [31m[2m(client)[22m[39m [2m[console.error] [22m[vite] Failed to reload /src/analysis.css. This could be due to syntax errors or importing non-existent modules. (see errors above)
[2m7:45:03 PM[22m [31m[1m[vite][22m[39m [31mInternal server error: Transform failed with 1 error:

[31m[PARSE_ERROR] [0mUnexpected token. Did you mean `{'}'}` or `&rbrace;`?
 -  in src/App.tsx at 15809..15809
[39m
  Plugin: [35mvite:oxc[39m
  File: [36mD:/DRAW VIDEO/src/App.tsx[39m
      at transformWithOxc (file:///D:/DRAW%20VIDEO/node_modules/vite/dist/node/chunks/node.js:4097:19)
      at TransformPluginContext.transform (file:///D:/DRAW%20VIDEO/node_modules/vite/dist/node/chunks/node.js:4168:26)
      at EnvironmentPluginContainer.transform (file:///D:/DRAW%20VIDEO/node_modules/vite/dist/node/chunks/node.js:30851:51)
      at async loadAndTransform (file:///D:/DRAW%20VIDEO/node_modules/vite/dist/node/chunks/node.js:20619:26)
      at async viteTransformMiddleware (file:///D:/DRAW%20VIDEO/node_modules/vite/dist/node/chunks/node.js:25142:20)
[2m7:45:03 PM[22m [31m[1m[vite][22m[39m [31m[2m(client)[22m[39m [2m[console.error] [22m[vite] Failed to reload /src/App.tsx. This could be due to syntax errors or importing non-existent modules. (see errors above)
[2m7:45:22 PM[22m [31m[1m[vite][22m[39m [31mInternal server error: Transform failed with 1 error:

[31m[PARSE_ERROR] [0mUnexpected token. Did you mean `{'}'}` or `&rbrace;`?
 -  in src/App.tsx at 16092..16092
[39m
  Plugin: [35mvite:oxc[39m
  File: [36mD:/DRAW VIDEO/src/App.tsx[39m
      at transformWithOxc (file:///D:/DRAW%20VIDEO/node_modules/vite/dist/node/chunks/node.js:4097:19)
      at TransformPluginContext.transform (file:///D:/DRAW%20VIDEO/node_modules/vite/dist/node/chunks/node.js:4168:26)
      at EnvironmentPluginContainer.transform (file:///D:/DRAW%20VIDEO/node_modules/vite/dist/node/chunks/node.js:30851:51)
      at async loadAndTransform (file:///D:/DRAW%20VIDEO/node_modules/vite/dist/node/chunks/node.js:20619:26)
      at async viteTransformMiddleware (file:///D:/DRAW%20VIDEO/node_modules/vite/dist/node/chunks/node.js:25142:20)
[2m7:45:22 PM[22m [31m[1m[vite][22m[39m [31m[2m(client)[22m[39m [2m[console.error] [22m[vite] Failed to reload /src/App.tsx. This could be due to syntax errors or importing non-existent modules. (see errors above)
[2m7:45:36 PM[22m [31m[1m[vite][22m[39m [31mInternal server error: Transform failed with 1 error:

[31m[PARSE_ERROR] [0mUnexpected token. Did you mean `{'}'}` or `&rbrace;`?
 -  in src/App.tsx at 16101..16101
[39m
  Plugin: [35mvite:oxc[39m
  File: [36mD:/DRAW VIDEO/src/App.tsx[39m
      at transformWithOxc (file:///D:/DRAW%20VIDEO/node_modules/vite/dist/node/chunks/node.js:4097:19)
      at TransformPluginContext.transform (file:///D:/DRAW%20VIDEO/node_modules/vite/dist/node/chunks/node.js:4168:26)
      at EnvironmentPluginContainer.transform (file:///D:/DRAW%20VIDEO/node_modules/vite/dist/node/chunks/node.js:30851:51)
      at async loadAndTransform (file:///D:/DRAW%20VIDEO/node_modules/vite/dist/node/chunks/node.js:20619:26)
      at async viteTransformMiddleware (file:///D:/DRAW%20VIDEO/node_modules/vite/dist/node/chunks/node.js:25142:20)
[2m7:45:37 PM[22m [31m[1m[vite][22m[39m [31m[2m(client)[22m[39m [2m[console.error] [22m[vite] Failed to reload /src/App.tsx. This could be due to syntax errors or importing non-existent modules. (see errors above)
[2m7:45:59 PM[22m [31m[1m[vite][22m[39m [31mInternal server error: Transform failed with 1 error:

[31m[PARSE_ERROR] [0mUnexpected token. Did you mean `{'}'}` or `&rbrace;`?
 -  in src/App.tsx at 16537..16537
[39m
  Plugin: [35mvite:oxc[39m
  File: [36mD:/DRAW VIDEO/src/App.tsx[39m
      at transformWithOxc (file:///D:/DRAW%20VIDEO/node_modules/vite/dist/node/chunks/node.js:4097:19)
      at TransformPluginContext.transform (file:///D:/DRAW%20VIDEO/node_modules/vite/dist/node/chunks/node.js:4168:26)
      at EnvironmentPluginContainer.transform (file:///D:/DRAW%20VIDEO/node_modules/vite/dist/node/chunks/node.js:30851:51)
      at async loadAndTransform (file:///D:/DRAW%20VIDEO/node_modules/vite/dist/node/chunks/node.js:20619:26)
      at async viteTransformMiddleware (file:///D:/DRAW%20VIDEO/node_modules/vite/dist/node/chunks/node.js:25142:20)
[2m7:45:59 PM[22m [31m[1m[vite][22m[39m [31m[2m(client)[22m[39m [2m[console.error] [22m[vite] Failed to reload /src/App.tsx. This could be due to syntax errors or importing non-existent modules. (see errors above)
[2m7:46:43 PM[22m [31m[1m[vite][22m[39m [31mInternal server error: Transform failed with 1 error:

[31m[PARSE_ERROR] [0mUnexpected token. Did you mean `{'}'}` or `&rbrace;`?
 -  in src/App.tsx at 16536..16536
[39m
  Plugin: [35mvite:oxc[39m
  File: [36mD:/DRAW VIDEO/src/App.tsx[39m
      at transformWithOxc (file:///D:/DRAW%20VIDEO/node_modules/vite/dist/node/chunks/node.js:4097:19)
      at TransformPluginContext.transform (file:///D:/DRAW%20VIDEO/node_modules/vite/dist/node/chunks/node.js:4168:26)
      at EnvironmentPluginContainer.transform (file:///D:/DRAW%20VIDEO/node_modules/vite/dist/node/chunks/node.js:30851:51)
      at async loadAndTransform (file:///D:/DRAW%20VIDEO/node_modules/vite/dist/node/chunks/node.js:20619:26)
      at async viteTransformMiddleware (file:///D:/DRAW%20VIDEO/node_modules/vite/dist/node/chunks/node.js:25142:20)
[2m7:46:43 PM[22m [31m[1m[vite][22m[39m [31m[2m(client)[22m[39m [2m[console.error] [22m[vite] Failed to reload /src/App.tsx. This could be due to syntax errors or importing non-existent modules. (see errors above)
